// Jest Snapshot v1, https://goo.gl/fbAQLP

exports[`<CreateArticle /> should render without crashing 1`] = `ShallowWrapper {}`;
