// Jest Snapshot v1, https://goo.gl/fbAQLP

exports[`<Pagination /> should create <Pagination /> snapshot  1`] = `ShallowWrapper {}`;
