// Jest Snapshot v1, https://goo.gl/fbAQLP

exports[`<ReadArticle/> on should create <View /> snapshot  1`] = `ShallowWrapper {}`;
