// Jest Snapshot v1, https://goo.gl/fbAQLP

exports[`<UpdateArticle /> should render without crashing 1`] = `ShallowWrapper {}`;
